[DEBUG] Resolver::visit(StructDeclNode) name='PrivateStruct' symbolId=4294967295 this=000001B754A53F00 line=7
[DEBUG] Resolver::visit(StructDeclNode) name='PublicStruct' symbolId=4294967295 this=000001B754A42FD0 line=11
[DEBUG] Resolver::resolve: Running pass2.
[DEBUG Resolver NamedTypeNode] Resolved path length for segment[0] 'int_32': i=1, currentSym=9
[DEBUG Resolver NamedTypeNode] Resolved path length for segment[0] 'PrivateStruct': i=1, currentSym=18
[DEBUG] Resolving function: expose_private
[DEBUG Resolver NamedTypeNode] Resolved path length for segment[0] 'PrivateStruct': i=1, currentSym=18
[DEBUG] Resolving function: do_something
[DEBUG Resolver NamedTypeNode] Resolved path length for segment[0] 'PrivateStruct': i=1, currentSym=18
[DEBUG] Resolving function: main
[DEBUG Resolver NamedTypeNode] Resolved path length for segment[0] 'int_32': i=1, currentSym=9
[DEBUG] Resolver finished!
[DEBUG] Creating TypeChecker...
[DEBUG] Creating MonomorphizationEngine...
[DEBUG] Attaching MLibMetadataCache...
[DEBUG] Calling TypeChecker::check...
[DEBUG] injectedGenerics size=0
[DEBUG] TypePrePass visiting ProgramNode with 5 items
[DEBUG] item kind: class fl::StructDeclNode
[DEBUG] TypePrePass::visit(StructDeclNode) name='PrivateStruct' symbolId=18 bodyScopeId=1
[DEBUG]   field='x' bodyScopeId=1 optId.empty()=0 symbolId=19
[DEBUG] evaluateTypeNode called on class fl::NamedTypeNode
[DEBUG] NamedTypeNode segment[0]: 'int_32' symbolId=9
[DEBUG]     evaluated type: int_32
[DEBUG] item kind: class fl::StructDeclNode
[DEBUG] TypePrePass::visit(StructDeclNode) name='PublicStruct' symbolId=20 bodyScopeId=2
[DEBUG]   field='pub_field' bodyScopeId=2 optId.empty()=0 symbolId=21
[DEBUG] evaluateTypeNode called on class fl::NamedTypeNode
[DEBUG] NamedTypeNode segment[0]: 'PrivateStruct' symbolId=18
[DEBUG]     evaluated type: Struct<18>
[DEBUG] item kind: class fl::FunctionDeclNode
[DEBUG] TypePrePass::visit(FunctionDeclNode) name='expose_private' symbolId=22
[DEBUG] evaluateTypeNode called on class fl::NamedTypeNode
[DEBUG] NamedTypeNode segment[0]: 'PrivateStruct' symbolId=18
[DEBUG] item kind: class fl::TraitDeclNode
[DEBUG] TypePrePass::visit(FunctionDeclNode) name='do_something' symbolId=25
[DEBUG] evaluateTypeNode called on class fl::NamedTypeNode
[DEBUG] NamedTypeNode segment[0]: 'PrivateStruct' symbolId=18
[DEBUG self] Evaluated param->type for val -> 1
[DEBUG TraitDeclNode] Method 'do_something' symbolId=25
[DEBUG TraitDeclNode] typeTable[25] = 3
[DEBUG TraitDeclNode] Registered trait method 'do_something'
[DEBUG] item kind: class fl::FunctionDeclNode
[DEBUG] TypePrePass::visit(FunctionDeclNode) name='main' symbolId=27
[DEBUG] evaluateTypeNode called on class fl::NamedTypeNode
[DEBUG] NamedTypeNode segment[0]: 'int_32' symbolId=9
[DEBUG] Starting ConstraintGenerator
[DEBUG] CG visiting ProgramNode
[DEBUG] CG visiting item: class fl::StructDeclNode
[DEBUG] CG visiting item: class fl::StructDeclNode
[DEBUG] CG visiting item: class fl::FunctionDeclNode
[DEBUG] StructInitExpr sym kind=5 name=PrivateStruct
[DEBUG] CG visiting item: class fl::TraitDeclNode
[DEBUG] CG visiting item: class fl::FunctionDeclNode
[DEBUG] Starting UnificationEngine
[DEBUG] Starting TypeResolver
[DEBUG] CG visiting ProgramNode
[DEBUG] CG visiting item: class fl::StructDeclNode
[DEBUG] CG visiting item: class fl::StructDeclNode
[DEBUG] CG visiting item: class fl::FunctionDeclNode
[DEBUG] CG visiting item: class fl::TraitDeclNode
[DEBUG] CG visiting item: class fl::FunctionDeclNode
[PHASE] TypeChecker done, tcOk=1
[PHASE] Injecting specialized ASTs...
[PHASE] Specialized ASTs injected
[PHASE] ComptimeEval done, ok=1
[PHASE] MatchAnalyzer done, ok=1
[PHASE] MVIRGenerator starting
[DEBUG MVIRGenerator] visiting item[0] typeid=class fl::StructDeclNode
[DEBUG MVIRGenerator] done item[0]
[DEBUG MVIRGenerator] visiting item[1] typeid=class fl::StructDeclNode
[DEBUG MVIRGenerator] done item[1]
[DEBUG MVIRGenerator] visiting item[2] typeid=class fl::FunctionDeclNode
[DEBUG] MVIRGenerator: visiting ReturnStmtNode for function @expose_private
[DEBUG pushLocalInst] Inserting LocalInst for %0 into entry block entry0
[DEBUG] MVIRGenerator: returning operand %1
[DEBUG MVIRGenerator] done item[2]
[DEBUG MVIRGenerator] visiting item[3] typeid=class fl::TraitDeclNode
[DEBUG MVIRGenerator] done item[3]
[DEBUG MVIRGenerator] visiting item[4] typeid=class fl::FunctionDeclNode
[DEBUG] MVIRGenerator: visiting ReturnStmtNode for function @main
[DEBUG] MVIRGenerator: returning operand 0
[DEBUG MVIRGenerator] done item[4]
[PHASE] MVIRGenerator done
