[DEBUG] MacroResolver visiting VarDeclNode
[DEBUG] Resolver::resolve: Running pass2.
[DEBUG Resolver NamedTypeNode] Resolved path length for segment[0] 'T': i=1, currentSym=19
[DEBUG] Resolving function: test_refutable_local
[DEBUG] lookup 'Option' starting at scope 4
[DEBUG] lookup 'Option' checking scope 4 (kind=2, parent=0)
[DEBUG] lookup 'Option' checking scope 0 (kind=0, parent=4294967295)
[DEBUG] lookup 'Option' FOUND in scope 0 -> symbolId 18
[DEBUG Resolver NamedTypeNode] Resolved path length for segment[0] 'Option': i=1, currentSym=18
[DEBUG Resolver NamedTypeNode] Resolved path length for segment[0] 'int_32': i=1, currentSym=9
[DEBUG] lookup 'Option' starting at scope 6
[DEBUG] lookup 'Option' checking scope 6 (kind=3, parent=4)
[DEBUG] lookup 'Option' checking scope 4 (kind=2, parent=0)
[DEBUG] lookup 'Option' checking scope 0 (kind=0, parent=4294967295)
[DEBUG] lookup 'Option' FOUND in scope 0 -> symbolId 18
[DEBUG] Resolving identifier: opt
[DEBUG] Finished resolvePath for opt
[DEBUG] Resolving function: main
[DEBUG Resolver NamedTypeNode] Resolved path length for segment[0] 'int_32': i=1, currentSym=9
[DEBUG] Resolver finished!
[DEBUG] Creating TypeChecker...
[DEBUG] Creating MonomorphizationEngine...
[DEBUG] Attaching MLibMetadataCache...
[DEBUG] Calling TypeChecker::check...
[DEBUG] injectedGenerics size=0
[DEBUG] TypePrePass visiting ProgramNode with 3 items
[DEBUG] item kind: class fl::EnumDeclNode
[DEBUG] evaluateTypeNode called on class fl::NamedTypeNode
[DEBUG] NamedTypeNode segment[0]: 'T' symbolId=19
[DEBUG] item kind: class fl::FunctionDeclNode
[DEBUG] TypePrePass::visit(FunctionDeclNode) name='test_refutable_local' symbolId=23
[DEBUG] evaluateTypeNode called on class fl::NamedTypeNode
[DEBUG] NamedTypeNode segment[0]: 'Option' symbolId=18
[DEBUG] evaluateTypeNode called on class fl::NamedTypeNode
[DEBUG] NamedTypeNode segment[0]: 'int_32' symbolId=9
[DEBUG self] Evaluated param->type for opt -> 2
[DEBUG] item kind: class fl::FunctionDeclNode
[DEBUG] TypePrePass::visit(FunctionDeclNode) name='main' symbolId=25
[DEBUG] evaluateTypeNode called on class fl::NamedTypeNode
[DEBUG] NamedTypeNode segment[0]: 'int_32' symbolId=9
[DEBUG] Starting ConstraintGenerator
[DEBUG] CG visiting ProgramNode
[DEBUG] CG visiting item: class fl::EnumDeclNode
[DEBUG] CG visiting item: class fl::FunctionDeclNode
[DEBUG] ConstraintGen::visit(IdentifierExpr) symId=4294967295 overloads=1
[DEBUG] ConstraintGen::visit(IdentifierExpr) overload[0]=24 name=opt tableSize=27
[DEBUG] ConstraintGen::visit(IdentifierExpr) baseType ptr=00000240733E9510 kind=2
[DEBUG] ConstraintGen::visit(IdentifierExpr) cast1
[DEBUG] ConstraintGen::visit(IdentifierExpr) before if (enumTy)
[DEBUG] ConstraintGen::visit(IdentifierExpr) inside if (enumTy)
[DEBUG] IN requestEnumSpecialization! mangledName=Option_int_32
[DEBUG] SubstitutionVisitor: checking type 'T'
[DEBUG] SubstitutionVisitor: Substituted 'T' with its replacement.
[DEBUG] Resolver::resolve: Running pass2.
[DEBUG] evaluateTypeNode called on class fl::BuiltinTypeNode
[DEBUG] Starting ConstraintGenerator
[DEBUG] Starting UnificationEngine
[DEBUG] Starting TypeResolver
[DEBUG IdentifierExpr] Substituted generic enum variant 'opt', new type: Enum<27>
[DEBUG] ConstraintGen::visit(EnumPatternNode) fnRetEnum constraint added. expectedType=00000240733E9740
[DEBUG substitute] GenericParam id=19 name='T' found=1
[DEBUG] ConstraintGen::visit(EnumPatternNode) sub-pattern field=0 fieldExpected=00000240733BE700
[DEBUG] ConstraintGen::visit(IdentifierPatternNode) symId=26 expectedType=00000240733BE700
[DEBUG] CG visiting item: class fl::FunctionDeclNode
[DEBUG] Starting UnificationEngine
[DEBUG] Starting TypeResolver
[DEBUG] CG visiting ProgramNode
[DEBUG] CG visiting item: class fl::EnumDeclNode
[DEBUG] CG visiting item: class fl::FunctionDeclNode
[DEBUG] IN requestEnumSpecialization! mangledName=Option_int_32
[DEBUG] Already specialized: 27
[DEBUG] CG visiting item: class fl::FunctionDeclNode
[PHASE] TypeChecker done, tcOk=1
[PHASE] Injecting specialized ASTs...
[PHASE] Specialized ASTs injected
[PHASE] ComptimeEval done, ok=1
[DEBUG TypeChecker] typeOf called with kInvalidSymbolID!
[PHASE] MatchAnalyzer done, ok=1
[PHASE] MVIRGenerator starting
[DEBUG MVIRGenerator] visiting item[0] typeid=class fl::EnumDeclNode
[DEBUG MVIRGenerator] done item[0]
[DEBUG MVIRGenerator] visiting item[1] typeid=class fl::FunctionDeclNode
[DEBUG pushLocalInst] Inserting LocalInst for %1 into entry block entry0
[DEBUG TypeChecker] typeOf called with kInvalidSymbolID!
[DEBUG] VarDeclNode type kind: 2
[DEBUG MVIRGenerator] done item[1]
[DEBUG MVIRGenerator] visiting item[2] typeid=class fl::FunctionDeclNode
[DEBUG MVIRGenerator] done item[2]
[DEBUG MVIRGenerator] visiting item[3] typeid=class fl::EnumDeclNode
[DEBUG MVIRGenerator] done item[3]
[PHASE] MVIRGenerator done
[DEBUG MoveAnalyzer] %0 is marked MOVED in StoreInst!
[DEBUG MoveAnalyzer] %0 is marked MOVED in StoreInst!
[DEBUG MoveAnalyzer] %0 is marked MOVED in StoreInst!
[LLVM Verify Error]
Function return type does not match operand type of return inst!
  ret void
 i32
D:\fdlang\tests\invalid\refutable_binding.ms: [1m[31merror: [0m[1mLoi trong qua trinh sinh LLVM IR.[0m
