[DEBUG resolvePath] Resolving path starting with 'a'
[DEBUG resolvePath] resolve('a') returned 1 syms. First id=20
Solving constraint: int_32 == int_32
; ModuleID = 'D:\fdlang\tests\type\type_alias.ms'
source_filename = "D:\\fdlang\\tests\\type\\type_alias.ms"

define i32 @main() {
entry0:
  %"0" = alloca i32, align 4
  store i32 42, ptr %"0", align 4
  %"1" = load i32, ptr %"0", align 4
  ret i32 %"1"
}

define linkonce i1 @mellis_coro_is_done(ptr %0) {
entry:
  %1 = call i1 @llvm.coro.done(ptr %0)
  ret i1 %1
}

; Function Attrs: nounwind memory(argmem: readwrite)
declare i1 @llvm.coro.done(ptr nocapture readonly) #0

define linkonce void @mellis_coro_resume(ptr %0) {
entry:
  call void @llvm.coro.resume(ptr %0)
  ret void
}

declare void @llvm.coro.resume(ptr)

attributes #0 = { nounwind memory(argmem: readwrite) }
[DEBUG Semantic] Analyzing function: @main

=== FORCE DUMP LLVM IR ===
