[DEBUG resolvePath] Resolving path starting with 'Counter'
[DEBUG resolvePath] resolve('Counter') returned 1 syms. First id=18
[DEBUG resolvePath] Resolving path starting with 'self'
[DEBUG resolvePath] resolve('self') returned 1 syms. First id=24
[DEBUG resolvePath] Resolving path starting with 'self'
[DEBUG resolvePath] resolve('self') returned 1 syms. First id=24
[DEBUG resolvePath] Resolving path starting with 'self'
[DEBUG resolvePath] resolve('self') returned 1 syms. First id=27
[DEBUG resolvePath] Resolving path starting with 'Counter'
[DEBUG resolvePath] resolve('Counter') returned 1 syms. First id=18
[DEBUG resolvePath] Resolving path starting with 'c'
[DEBUG resolvePath] resolve('c') returned 1 syms. First id=29
[DEBUG resolvePath] Resolving path starting with 'c'
[DEBUG resolvePath] resolve('c') returned 1 syms. First id=29
Solving constraint: int_32 == int_32
Solving constraint: Struct<18> == Struct<18>
Solving constraint: ?T0 == ?T2
Solving constraint: int_32 == ?T3
Solving constraint: int_32 == int_32
Solving constraint: int_32 == ?T5
[DEBUG Semantic] Analyzing function: @new_21
[DEBUG Semantic] Analyzing function: @inc_22
[DEBUG Semantic] Analyzing function: @get_25
[DEBUG Semantic] Analyzing function: @main
; ModuleID = 'D:\fdlang\tests\valid\ref_self_sugar.ms'
source_filename = "D:\\fdlang\\tests\\valid\\ref_self_sugar.ms"

%Counter = type { i32 }

define %Counter @new_21() {
entry0:
  %"0" = alloca %Counter, align 8
  %fld = getelementptr inbounds %Counter, ptr %"0", i32 0, i32 0
  store i32 0, ptr %fld, align 4
  %"1" = load %Counter, ptr %"0", align 4
  ret %Counter %"1"
}

define void @inc_22(ptr %"0") {
entry0:
  %"1" = alloca ptr, align 8
  store ptr %"0", ptr %"1", align 8
  %"2" = load ptr, ptr %"1", align 8
  %fld = getelementptr inbounds %Counter, ptr %"2", i32 0, i32 0
  %"3" = load i32, ptr %fld, align 4
  %"4" = add i32 %"3", 1
  %"5" = load ptr, ptr %"1", align 8
  %fld1 = getelementptr inbounds %Counter, ptr %"5", i32 0, i32 0
  store i32 %"4", ptr %fld1, align 4
  ret void
}

define i32 @get_25(ptr %"0") {
entry0:
  %"1" = alloca ptr, align 8
  store ptr %"0", ptr %"1", align 8
  %"2" = load ptr, ptr %"1", align 8
  %fld = getelementptr inbounds %Counter, ptr %"2", i32 0, i32 0
  %"3" = load i32, ptr %fld, align 4
  ret i32 %"3"
}

define i32 @main() {
entry0:
  %"0" = alloca %Counter, align 8
  %"1" = alloca %Counter, align 8
  %fld = getelementptr inbounds %Counter, ptr %"1", i32 0, i32 0
  store i32 0, ptr %fld, align 4
  %"2" = load %Counter, ptr %"1", align 4
  store %Counter %"2", ptr %"0", align 4
  call void @inc_22(ptr %"0")
  %"6" = call i32 @get_25(ptr %"0")
  ret i32 %"6"
}

define linkonce i1 @mellis_coro_is_done(ptr %0) {
entry:
  %1 = call i1 @llvm.coro.done(ptr %0)
  ret i1 %1
}

; Function Attrs: nounwind memory(argmem: readwrite)
declare i1 @llvm.coro.done(ptr nocapture readonly) #0

define linkonce void @mellis_coro_resume(ptr %0) {
entry:
  call void @llvm.coro.resume(ptr %0)
  ret void
}

declare void @llvm.coro.resume(ptr)

attributes #0 = { nounwind memory(argmem: readwrite) }

=== FORCE DUMP LLVM IR ===
