[DEBUG] MacroResolver visiting VarDeclNode
[DEBUG] Resolver::visit(StructDeclNode) name='Counter' symbolId=4294967295 this=0000025411DF7D50 line=1
[DEBUG] Resolver::resolve: Running pass2.
[DEBUG Resolver NamedTypeNode] Resolved path length for segment[0] 'int_32': i=1, currentSym=9
[DEBUG Resolver NamedTypeNode] Resolved path length for segment[0] 'Counter': i=1, currentSym=18
[DEBUG] Resolving function: new
[DEBUG Resolver NamedTypeNode] Resolved path length for segment[0] 'Self': i=1, currentSym=20
[DEBUG] Resolving function: inc
[DEBUG Resolver NamedTypeNode] Resolved path length for segment[0] 'Self': i=1, currentSym=20
[DEBUG] Resolving identifier: self
[DEBUG] Finished resolvePath for self
[DEBUG] Resolving identifier: self
[DEBUG] Finished resolvePath for self
[DEBUG] Resolving function: get
[DEBUG Resolver NamedTypeNode] Resolved path length for segment[0] 'int_32': i=1, currentSym=9
[DEBUG Resolver NamedTypeNode] Resolved path length for segment[0] 'Self': i=1, currentSym=20
[DEBUG] Resolving identifier: self
[DEBUG] Finished resolvePath for self
[DEBUG] Resolving function: main
[DEBUG Resolver NamedTypeNode] Resolved path length for segment[0] 'int_32': i=1, currentSym=9
[DEBUG] Resolving identifier: c
[DEBUG] Finished resolvePath for c
[DEBUG] Resolver: resolvePath for 'c' returned 1 ids.
[DEBUG] Resolver: id=29
[DEBUG] Resolver: finalIds size for 'c' is 1
[DEBUG] Resolving identifier: c
[DEBUG] Finished resolvePath for c
[DEBUG] Resolver: resolvePath for 'c' returned 1 ids.
[DEBUG] Resolver: id=29
[DEBUG] Resolver: finalIds size for 'c' is 1
[DEBUG] Resolver finished!
[DEBUG] Creating TypeChecker...
[DEBUG] Creating MonomorphizationEngine...
[DEBUG] Attaching MLibMetadataCache...
[DEBUG] Calling TypeChecker::check...
[DEBUG] injectedGenerics size=0
[DEBUG] TypePrePass visiting ProgramNode with 3 items
[DEBUG] item kind: class fl::StructDeclNode
[DEBUG] TypePrePass::visit(StructDeclNode) name='Counter' symbolId=18 bodyScopeId=1
[DEBUG]   field='val' bodyScopeId=1 optId.empty()=0 symbolId=19
[DEBUG] evaluateTypeNode called on class fl::NamedTypeNode
[DEBUG] NamedTypeNode segment[0]: 'int_32' symbolId=9
[DEBUG]     evaluated type: int_32
[DEBUG] item kind: class fl::ImplDeclNode
[DEBUG] visit(ImplDeclNode) genericParams size: 0
[DEBUG] evaluateTypeNode called on class fl::NamedTypeNode
[DEBUG] NamedTypeNode segment[0]: 'Counter' symbolId=18
[DEBUG] ImplDeclNode evaluating selfType: 1
[DEBUG] ImplDeclNode Self symbolId=20 selfType=1
[DEBUG] TypePrePass::visit(FunctionDeclNode) name='new' symbolId=21
[DEBUG] evaluateTypeNode called on class fl::NamedTypeNode
[DEBUG] NamedTypeNode segment[0]: 'Self' symbolId=20
[DEBUG] TypePrePass::visit(FunctionDeclNode) name='inc' symbolId=22
[DEBUG] evaluateTypeNode called on class fl::ReferenceTypeNode
[DEBUG] evaluateTypeNode called on class fl::NamedTypeNode
[DEBUG] NamedTypeNode segment[0]: 'Self' symbolId=20
[DEBUG self] Evaluated param->type for self -> 5
[DEBUG] Processing generic param: '_1 with 0 bounds
[DEBUG] TypePrePass::visit(FunctionDeclNode) name='get' symbolId=25
[DEBUG] evaluateTypeNode called on class fl::ReferenceTypeNode
[DEBUG] evaluateTypeNode called on class fl::NamedTypeNode
[DEBUG] NamedTypeNode segment[0]: 'Self' symbolId=20
[DEBUG self] Evaluated param->type for self -> 5
[DEBUG] evaluateTypeNode called on class fl::NamedTypeNode
[DEBUG] NamedTypeNode segment[0]: 'int_32' symbolId=9
[DEBUG] Processing generic param: '_1 with 0 bounds
[DEBUG] addInherentMethod: new methodId=21
[DEBUG] addInherentMethod: inc methodId=22
[DEBUG] addInherentMethod: get methodId=25
[DEBUG] item kind: class fl::FunctionDeclNode
[DEBUG] TypePrePass::visit(FunctionDeclNode) name='main' symbolId=28
[DEBUG] evaluateTypeNode called on class fl::NamedTypeNode
[DEBUG] NamedTypeNode segment[0]: 'int_32' symbolId=9
[DEBUG] Starting ConstraintGenerator
[DEBUG] CG visiting ProgramNode
[DEBUG] CG visiting item: class fl::StructDeclNode
[DEBUG] CG visiting item: class fl::ImplDeclNode
[DEBUG] StructInitExpr sym kind=5 name=Counter
[DEBUG] ConstraintGen::visit(IdentifierExpr) symId=4294967295 overloads=1
[DEBUG] ConstraintGen::visit(IdentifierExpr) overload[0]=24 name=self tableSize=30
[DEBUG] ConstraintGen::visit(IdentifierExpr) baseType ptr=0000025411E19230 kind=5
[DEBUG] ConstraintGen::visit(IdentifierExpr) cast1
[DEBUG] ConstraintGen::visit(IdentifierExpr) before if (enumTy)
[DEBUG] ConstraintGen::visit(IdentifierExpr) inside else
[DEBUG] ConstraintGen::visit(IdentifierExpr) got sym
[DEBUG] ConstraintGen::visit(IdentifierExpr) assigning inferredType
[DEBUG] ConstraintGen::visit(IdentifierExpr) FINISHED for symId=4294967295
[DEBUG] ConstraintGen::visit(IdentifierExpr) symId=4294967295 overloads=1
[DEBUG] ConstraintGen::visit(IdentifierExpr) overload[0]=24 name=self tableSize=30
[DEBUG] ConstraintGen::visit(IdentifierExpr) baseType ptr=0000025411E19230 kind=5
[DEBUG] ConstraintGen::visit(IdentifierExpr) cast1
[DEBUG] ConstraintGen::visit(IdentifierExpr) before if (enumTy)
[DEBUG] ConstraintGen::visit(IdentifierExpr) inside else
[DEBUG] ConstraintGen::visit(IdentifierExpr) got sym
[DEBUG] ConstraintGen::visit(IdentifierExpr) assigning inferredType
[DEBUG] ConstraintGen::visit(IdentifierExpr) FINISHED for symId=4294967295
[DEBUG] ConstraintGen::visit(IdentifierExpr) symId=4294967295 overloads=1
[DEBUG] ConstraintGen::visit(IdentifierExpr) overload[0]=27 name=self tableSize=30
[DEBUG] ConstraintGen::visit(IdentifierExpr) baseType ptr=0000025411E19820 kind=5
[DEBUG] ConstraintGen::visit(IdentifierExpr) cast1
[DEBUG] ConstraintGen::visit(IdentifierExpr) before if (enumTy)
[DEBUG] ConstraintGen::visit(IdentifierExpr) inside else
[DEBUG] ConstraintGen::visit(IdentifierExpr) got sym
[DEBUG] ConstraintGen::visit(IdentifierExpr) assigning inferredType
[DEBUG] ConstraintGen::visit(IdentifierExpr) FINISHED for symId=4294967295
[DEBUG] CG visiting item: class fl::FunctionDeclNode
[DEBUG] StructInitExpr sym kind=5 name=Counter
[DEBUG] ConstraintGen::visit(IdentifierPatternNode) symId=29 expectedType=0000025411E31590
[DEBUG] ConstraintGen::visit(IdentifierExpr) symId=4294967295 overloads=1
[DEBUG] ConstraintGen::visit(IdentifierExpr) overload[0]=29 name=c tableSize=30
[DEBUG] ConstraintGen::visit(IdentifierExpr) baseType ptr=0000025411E31590 kind=1
[DEBUG] ConstraintGen::visit(IdentifierExpr) cast1
[DEBUG] ConstraintGen::visit(IdentifierExpr) before if (enumTy)
[DEBUG] ConstraintGen::visit(IdentifierExpr) inside else
[DEBUG] ConstraintGen::visit(IdentifierExpr) got sym
[DEBUG] ConstraintGen::visit(IdentifierExpr) assigning inferredType
[DEBUG] ConstraintGen::visit(IdentifierExpr) FINISHED for symId=4294967295
[DEBUG] ConstraintGen::visit(IdentifierExpr) symId=4294967295 overloads=1
[DEBUG] ConstraintGen::visit(IdentifierExpr) overload[0]=29 name=c tableSize=30
[DEBUG] ConstraintGen::visit(IdentifierExpr) baseType ptr=0000025411E31590 kind=1
[DEBUG] ConstraintGen::visit(IdentifierExpr) cast1
[DEBUG] ConstraintGen::visit(IdentifierExpr) before if (enumTy)
[DEBUG] ConstraintGen::visit(IdentifierExpr) inside else
[DEBUG] ConstraintGen::visit(IdentifierExpr) got sym
[DEBUG] ConstraintGen::visit(IdentifierExpr) assigning inferredType
[DEBUG] ConstraintGen::visit(IdentifierExpr) FINISHED for symId=4294967295
[DEBUG] Starting UnificationEngine
[DEBUG Field] Found StructType symbol=18 name=Counter
[DEBUG Field] Checking struct field: val
[DEBUG Field] Solved field constraint!
[DEBUG Field] Found StructType symbol=18 name=Counter
[DEBUG Field] Checking struct field: val
[DEBUG Field] Solved field constraint!
[DEBUG Field] Found StructType symbol=18 name=Counter
[DEBUG Field] Checking struct field: val
[DEBUG Field] Solved field constraint!
[DEBUG MethodResolver] Probing method 'inc' for receiverType: Struct<18>
[DEBUG TraitSolver] Solving goal: kind=2 self=Struct<18> traitId=4294967295
[DEBUG MethodCall] unifying expectedFnType: fn(&' mut Struct<18>) -> ?T4 with mInfo.type: fn(self: &' mut Struct<18>) -> void
[DEBUG MethodResolver] Probing method 'get' for receiverType: Struct<18>
[DEBUG TraitSolver] Solving goal: kind=2 self=Struct<18> traitId=4294967295
[DEBUG MethodCall] unifying expectedFnType: fn(&' Struct<18>) -> ?T5 with mInfo.type: fn(self: &' Struct<18>) -> int_32
[DEBUG] Starting TypeResolver
[DEBUG] CG visiting ProgramNode
[DEBUG] CG visiting item: class fl::StructDeclNode
[DEBUG] CG visiting item: class fl::ImplDeclNode
[DEBUG] CG visiting item: class fl::FunctionDeclNode
[DEBUG MethodResolver] Probing method 'inc' for receiverType: Struct<18>
[DEBUG TraitSolver] Solving goal: kind=2 self=Struct<18> traitId=4294967295
[DEBUG MethodResolver] Probing method 'get' for receiverType: Struct<18>
[DEBUG TraitSolver] Solving goal: kind=2 self=Struct<18> traitId=4294967295
[PHASE] TypeChecker done, tcOk=1
[PHASE] Injecting specialized ASTs...
[PHASE] Specialized ASTs injected
[PHASE] ComptimeEval done, ok=1
[PHASE] MatchAnalyzer done, ok=1
[PHASE] MVIRGenerator starting
[DEBUG MVIRGenerator] visiting item[0] typeid=class fl::StructDeclNode
[DEBUG MVIRGenerator] done item[0]
[DEBUG MVIRGenerator] visiting item[1] typeid=class fl::ImplDeclNode
[DEBUG MVIRGenerator] visit ImplDeclNode with 3 methods, genericParams: 0
[DEBUG MVIRGenerator] calling method->accept for new
[DEBUG] MVIRGenerator: visiting ReturnStmtNode for function @new_21
[DEBUG pushLocalInst] Inserting LocalInst for %0 into entry block entry0
[DEBUG] MVIRGenerator: returning operand %1
[DEBUG MVIRGenerator] calling method->accept for inc
[DEBUG pushLocalInst] Inserting LocalInst for %1 into entry block entry0
[DEBUG MVIRGenerator] calling method->accept for get
[DEBUG pushLocalInst] Inserting LocalInst for %1 into entry block entry0
[DEBUG] MVIRGenerator: visiting ReturnStmtNode for function @get_25
[DEBUG] MVIRGenerator: returning operand %3
[DEBUG MVIRGenerator] done item[1]
[DEBUG MVIRGenerator] visiting item[2] typeid=class fl::FunctionDeclNode
[DEBUG] VarDeclNode type kind: 1
[DEBUG pushLocalInst] Inserting LocalInst for %0 into entry block entry0
[DEBUG pushLocalInst] Inserting LocalInst for %1 into entry block entry0
[DEBUG] MVIRGenerator: visiting ReturnStmtNode for function @main
[DEBUG] MVIRGenerator: returning operand %6
[DEBUG MVIRGenerator] done item[2]
[PHASE] MVIRGenerator done
[DEBUG MoveAnalyzer] %0 is marked MOVED in StoreInst!
[DEBUG MoveAnalyzer] %1 is marked MOVED in StoreInst!
[DEBUG MoveAnalyzer] %3 is marked MOVED in CallInst!
[DEBUG MoveAnalyzer] %5 is marked MOVED in CallInst!
[DEBUG MoveAnalyzer] %0 is marked MOVED in StoreInst!
[DEBUG MoveAnalyzer] %0 is marked MOVED in StoreInst!
[DEBUG MoveAnalyzer] %1 is marked MOVED in StoreInst!
[DEBUG MoveAnalyzer] %3 is marked MOVED in CallInst!
[DEBUG MoveAnalyzer] %5 is marked MOVED in CallInst!
[DEBUG MoveAnalyzer] %1 is marked MOVED in StoreInst!
[DEBUG MoveAnalyzer] %3 is marked MOVED in CallInst!
[DEBUG MoveAnalyzer] %5 is marked MOVED in CallInst!
