[DEBUG] parseDeclaration KW_COMPTIME. peek.type=50
[DEBUG resolvePath] Resolving path starting with 'MAX_SIZE'
[DEBUG resolvePath] resolve('MAX_SIZE') returned 1 syms. First id=18
Solving constraint: int_32 == int_32
; ModuleID = 'D:\fdlang\tests\codegen\const_global.ms'
source_filename = "D:\\fdlang\\tests\\codegen\\const_global.ms"

@MAX_SIZE = private constant i32 100

define i32 @main() {
entry0:
  %"0" = load i32, ptr @MAX_SIZE, align 4
  ret i32 %"0"
}

define linkonce i1 @mellis_coro_is_done(ptr %0) {
entry:
  %1 = call i1 @llvm.coro.done(ptr %0)
  ret i1 %1
}

; Function Attrs: nounwind memory(argmem: readwrite)
declare i1 @llvm.coro.done(ptr nocapture readonly) #0

define linkonce void @mellis_coro_resume(ptr %0) {
entry:
  call void @llvm.coro.resume(ptr %0)
  ret void
}

declare void @llvm.coro.resume(ptr)

attributes #0 = { nounwind memory(argmem: readwrite) }
[DEBUG Semantic] Analyzing function: @main

=== FORCE DUMP LLVM IR ===
