[DEBUG] MacroResolver visiting VarDeclNode
[DEBUG] MacroResolver visiting VarDeclNode
[DEBUG] Resolver::resolve: Running pass2.
[DEBUG] Resolving function: main
[DEBUG Resolver NamedTypeNode] Resolved path length for segment[0] 'int_32': i=1, currentSym=9
[DEBUG] Resolving identifier: Status
[DEBUG] Finished resolvePath for Status
[DEBUG] Resolving identifier: s
[DEBUG] Finished resolvePath for s
[DEBUG] Resolving identifier: result
[DEBUG] Finished resolvePath for result
[DEBUG] Resolver finished!
[DEBUG] Creating TypeChecker...
[DEBUG] Creating MonomorphizationEngine...
[DEBUG] Attaching MLibMetadataCache...
[DEBUG] Calling TypeChecker::check...
[DEBUG] injectedGenerics size=0
[DEBUG] TypePrePass visiting ProgramNode with 2 items
[DEBUG] item kind: class fl::EnumDeclNode
[DEBUG] item kind: class fl::FunctionDeclNode
[DEBUG] TypePrePass::visit(FunctionDeclNode) name='main' symbolId=22
[DEBUG] evaluateTypeNode called on class fl::NamedTypeNode
[DEBUG] NamedTypeNode segment[0]: 'int_32' symbolId=9
[DEBUG] Starting ConstraintGenerator
[DEBUG] CG visiting ProgramNode
[DEBUG] CG visiting item: class fl::EnumDeclNode
[DEBUG] CG visiting item: class fl::FunctionDeclNode
[DEBUG] ConstraintGen::visit(IdentifierExpr) symId=4294967295 overloads=1
[DEBUG] ConstraintGen::visit(IdentifierExpr) overload[0]=21 name=Pending tableSize=25
[DEBUG] ConstraintGen::visit(IdentifierExpr) baseType ptr=0000015638EB9B90 kind=2
[DEBUG] ConstraintGen::visit(IdentifierExpr) cast1
[DEBUG] ConstraintGen::visit(IdentifierExpr) before if (enumTy)
[DEBUG] ConstraintGen::visit(IdentifierExpr) inside if (enumTy)
[DEBUG] ConstraintGen::visit(IdentifierExpr) assigning inferredType
[DEBUG] ConstraintGen::visit(IdentifierExpr) FINISHED for symId=4294967295
[DEBUG] ConstraintGen::visit(IdentifierPatternNode) symId=23 expectedType=0000015638EB9B90
[DEBUG] ConstraintGen::visit(IdentifierExpr) symId=4294967295 overloads=1
[DEBUG] ConstraintGen::visit(IdentifierExpr) overload[0]=23 name=s tableSize=25
[DEBUG] ConstraintGen::visit(IdentifierExpr) baseType ptr=0000015638EB9B90 kind=2
[DEBUG] ConstraintGen::visit(IdentifierExpr) cast1
[DEBUG] ConstraintGen::visit(IdentifierExpr) before if (enumTy)
[DEBUG] ConstraintGen::visit(IdentifierExpr) inside if (enumTy)
[DEBUG] ConstraintGen::visit(IdentifierExpr) assigning inferredType
[DEBUG] ConstraintGen::visit(IdentifierExpr) FINISHED for symId=4294967295
[DEBUG] ConstraintGen::visit(IdentifierPatternNode) symId=24 expectedType=0000015638E8F1E0
[DEBUG] ConstraintGen::visit(IdentifierExpr) symId=4294967295 overloads=1
[DEBUG] ConstraintGen::visit(IdentifierExpr) overload[0]=24 name=result tableSize=25
[DEBUG] ConstraintGen::visit(IdentifierExpr) baseType ptr=0000015638E8F1E0 kind=14
[DEBUG] ConstraintGen::visit(IdentifierExpr) cast1
[DEBUG] ConstraintGen::visit(IdentifierExpr) before if (enumTy)
[DEBUG] ConstraintGen::visit(IdentifierExpr) inside else
[DEBUG] ConstraintGen::visit(IdentifierExpr) got sym
[DEBUG] ConstraintGen::visit(IdentifierExpr) assigning inferredType
[DEBUG] ConstraintGen::visit(IdentifierExpr) FINISHED for symId=4294967295
[DEBUG] Starting UnificationEngine
[DEBUG] Starting TypeResolver
[DEBUG] CG visiting ProgramNode
[DEBUG] CG visiting item: class fl::EnumDeclNode
[DEBUG] CG visiting item: class fl::FunctionDeclNode
[PHASE] TypeChecker done, tcOk=1
[PHASE] Injecting specialized ASTs...
[PHASE] Specialized ASTs injected
[PHASE] ComptimeEval done, ok=1
[DEBUG MatchAnalyzer] resolvedTy is EnumType. enumSymbolId=18
[DEBUG MatchAnalyzer] resolvedTy is EnumType. enumSymbolId=18
[PHASE] MatchAnalyzer done, ok=1
[PHASE] MVIRGenerator starting
[DEBUG MVIRGenerator] visiting item[0] typeid=class fl::EnumDeclNode
[DEBUG MVIRGenerator] done item[0]
[DEBUG MVIRGenerator] visiting item[1] typeid=class fl::FunctionDeclNode
[DEBUG] VarDeclNode type kind: 2
[DEBUG pushLocalInst] Inserting LocalInst for %0 into entry block entry0
[DEBUG] VarDeclNode type kind: 0
[DEBUG pushLocalInst] Inserting LocalInst for %2 into entry block entry0
[DEBUG pushLocalInst] Inserting LocalInst for %4 into entry block entry0
[DEBUG] MVIRGenerator: visiting ReturnStmtNode for function @main
[DEBUG] MVIRGenerator: returning operand %10
[DEBUG MVIRGenerator] done item[1]
[PHASE] MVIRGenerator done
[DEBUG MoveAnalyzer] %1 is marked MOVED in StoreInst!
[DEBUG MoveAnalyzer] %1 is marked MOVED in StoreInst!
[DEBUG MoveAnalyzer] %1 is marked MOVED in StoreInst!
