[DEBUG resolvePath] Resolving path starting with 'self'
[DEBUG resolvePath] resolve('self') returned 1 syms. First id=32
[DEBUG resolvePath] Resolving path starting with 'c'
[DEBUG resolvePath] resolve('c') returned 1 syms. First id=36
[DEBUG resolvePath] Resolving path starting with 'Box'
[DEBUG resolvePath] resolve('Box') returned 1 syms. First id=24
[DEBUG resolvePath] Resolving path starting with 'test_assoc'
[DEBUG resolvePath] resolve('test_assoc') returned 1 syms. First id=33
[DEBUG resolvePath] Resolving path starting with 'b'
[DEBUG resolvePath] resolve('b') returned 1 syms. First id=38
[DEBUG resolvePath] Resolving path starting with 'b'
[DEBUG resolvePath] resolve('b') returned 1 syms. First id=38
[DEBUG resolvePath] Resolving path starting with 'x'
[DEBUG resolvePath] resolve('x') returned 1 syms. First id=39
[DEBUG resolvePath] Resolving path starting with 'self'
[DEBUG resolvePath] resolve('self') returned 1 syms. First id=47
Solving constraint: int_32 == ?T1
[DEBUG TraitSolver] resolveAssociatedType: selfType=T (35), traitId=-1, assocName=Item
[DEBUG TraitSolver]   trying clause with selfType=Struct<24<int_32>> (instSelf=Struct<24<int_32>>): unified=0
[DEBUG TraitSolver]   -> no matching clause found
Solving constraint: <T (35) as Trait<4294967295>>::Item == ?T0
[DEBUG TraitSolver] resolveAssociatedType: selfType=T (35), traitId=-1, assocName=Item
[DEBUG TraitSolver]   trying clause with selfType=Struct<24<int_32>> (instSelf=Struct<24<int_32>>): unified=0
[DEBUG TraitSolver]   -> no matching clause found
[DEBUG TraitSolver] resolveAssociatedType: selfType=T (35), traitId=-1, assocName=Item
[DEBUG TraitSolver]   trying clause with selfType=Struct<24<int_32>> (instSelf=Struct<24<int_32>>): unified=0
[DEBUG TraitSolver]   -> no matching clause found
Solving constraint: int_32 == int_32
Solving constraint: ?T3 == &' Struct<41>
Solving constraint: fn(?T3) -> <Struct<24<int_32>> as Trait<4294967295>>::Item == fn(c: &' Struct<41>) -> <Struct<24<int_32>> as Trait<4294967295>>::Item
[DEBUG TraitSolver] resolveAssociatedType: selfType=Struct<24<int_32>>, traitId=-1, assocName=Item
[DEBUG TraitSolver]   trying clause with selfType=Struct<24<int_32>> (instSelf=Struct<24<int_32>>): unified=1
[DEBUG TraitSolver]     -> resolved to int_32
[DEBUG TraitSolver] resolveAssociatedType: selfType=Struct<24<int_32>>, traitId=-1, assocName=Item
[DEBUG TraitSolver]   trying clause with selfType=Struct<24<int_32>> (instSelf=Struct<24<int_32>>): unified=1
[DEBUG TraitSolver]     -> resolved to int_32
Solving constraint: int_32 == <Struct<24<int_32>> as Trait<4294967295>>::Item
[DEBUG TraitSolver] resolveAssociatedType: selfType=Struct<24<int_32>>, traitId=-1, assocName=Item
[DEBUG TraitSolver]   trying clause with selfType=Struct<24<int_32>> (instSelf=Struct<24<int_32>>): unified=1
[DEBUG TraitSolver]     -> resolved to int_32
[DEBUG TraitSolver] resolveAssociatedType: selfType=T (35), traitId=-1, assocName=Item
[DEBUG TraitSolver]   trying clause with selfType=Struct<24<int_32>> (instSelf=Struct<24<int_32>>): unified=0
[DEBUG TraitSolver]   -> no matching clause found
[DEBUG TraitSolver] resolveAssociatedType: selfType=T (35), traitId=-1, assocName=Item
[DEBUG TraitSolver]   trying clause with selfType=Struct<24<int_32>> (instSelf=Struct<24<int_32>>): unified=0
[DEBUG TraitSolver]   -> no matching clause found
[DEBUG TraitSolver] resolveAssociatedType: selfType=Struct<24<int_32>>, traitId=-1, assocName=Item
[DEBUG TraitSolver]   trying clause with selfType=Struct<24<int_32>> (instSelf=Struct<24<int_32>>): unified=1
[DEBUG TraitSolver]     -> resolved to int_32
[DEBUG resolvePath] Resolving path starting with 'c'
[DEBUG resolvePath] resolve('c') returned 1 syms. First id=49
Solving constraint: <Struct<24<int_32>> as Trait<4294967295>>::Item == ?T6
[DEBUG TraitSolver] resolveAssociatedType: selfType=Struct<24<int_32>>, traitId=-1, assocName=Item
[DEBUG TraitSolver]   trying clause with selfType=Struct<24<int_32>> (instSelf=Struct<24<int_32>>): unified=1
[DEBUG TraitSolver]     -> resolved to int_32
[DEBUG TraitSolver] resolveAssociatedType: selfType=Struct<24<int_32>>, traitId=-1, assocName=Item
[DEBUG TraitSolver]   trying clause with selfType=Struct<24<int_32>> (instSelf=Struct<24<int_32>>): unified=1
[DEBUG TraitSolver]     -> resolved to int_32
[DEBUG TraitSolver] resolveAssociatedType: selfType=Struct<24<int_32>>, traitId=-1, assocName=Item
[DEBUG TraitSolver]   trying clause with selfType=Struct<24<int_32>> (instSelf=Struct<24<int_32>>): unified=1
[DEBUG TraitSolver]     -> resolved to int_32
[DEBUG TraitSolver] resolveAssociatedType: selfType=Struct<24<int_32>>, traitId=-1, assocName=Item
[DEBUG TraitSolver]   trying clause with selfType=Struct<24<int_32>> (instSelf=Struct<24<int_32>>): unified=1
[DEBUG TraitSolver]     -> resolved to int_32
[DEBUG TraitSolver] resolveAssociatedType: selfType=Struct<24<int_32>>, traitId=-1, assocName=Item
[DEBUG TraitSolver]   trying clause with selfType=Struct<24<int_32>> (instSelf=Struct<24<int_32>>): unified=1
[DEBUG TraitSolver]     -> resolved to int_32
[COMPTIME ERROR] IdentifierExpr without env or empty segments
[DEBUG Semantic] Analyzing function: @main
[DEBUG Semantic] Analyzing function: @get_45
[DEBUG Semantic] Analyzing function: @test_assoc_unmangled_Box_int_32
; ModuleID = 'D:\fdlang\tests\type\e2_assoc_type.ms'
source_filename = "D:\\fdlang\\tests\\type\\e2_assoc_type.ms"

%Box_int_32 = type { i32 }

define i32 @main() {
entry0:
  %"0" = alloca %Box_int_32, align 8
  %"1" = alloca %Box_int_32, align 8
  %"3" = alloca i32, align 4
  %"6" = alloca i32, align 4
  %fld = getelementptr inbounds %Box_int_32, ptr %"1", i32 0, i32 0
  store i32 42, ptr %fld, align 4
  %"2" = load %Box_int_32, ptr %"1", align 4
  store %Box_int_32 %"2", ptr %"0", align 4
  %"5" = call i32 @test_assoc_unmangled_Box_int_32(ptr %"0")
  store i32 %"5", ptr %"3", align 4
  %"8" = call i32 @get_45(ptr %"0")
  store i32 %"8", ptr %"6", align 4
  %"9" = load i32, ptr %"3", align 4
  ret i32 %"9"
}

define i32 @get_45(ptr %"0") {
entry0:
  %"1" = alloca ptr, align 8
  store ptr %"0", ptr %"1", align 8
  %"2" = load ptr, ptr %"1", align 8
  %fld = getelementptr inbounds %Box_int_32, ptr %"2", i32 0, i32 0
  %"3" = load i32, ptr %fld, align 4
  ret i32 %"3"
}

define i32 @test_assoc_unmangled_Box_int_32(ptr %"0") {
entry0:
  %"1" = alloca ptr, align 8
  store ptr %"0", ptr %"1", align 8
  %"2" = load ptr, ptr %"1", align 8
  %"3" = call i32 @get_45(ptr %"2")
  ret i32 %"3"
}

define linkonce i1 @mellis_coro_is_done(ptr %0) {
entry:
  %1 = call i1 @llvm.coro.done(ptr %0)
  ret i1 %1
}

; Function Attrs: nounwind memory(argmem: readwrite)
declare i1 @llvm.coro.done(ptr nocapture readonly) #0

define linkonce void @mellis_coro_resume(ptr %0) {
entry:
  call void @llvm.coro.resume(ptr %0)
  ret void
}

declare void @llvm.coro.resume(ptr)

attributes #0 = { nounwind memory(argmem: readwrite) }

=== FORCE DUMP LLVM IR ===
