[DEBUG] MacroResolver visiting VarDeclNode
[DEBUG] MacroResolver visiting VarDeclNode
[DEBUG] MacroResolver visiting VarDeclNode
[DEBUG] Resolver::visit(StructDeclNode) name='Box' symbolId=4294967295 this=000002A09C0EC610 line=6
[DEBUG] Resolver::resolve: Running pass2.
[DEBUG] Resolving function: get
[DEBUG Resolver NamedTypeNode] Resolved path length for segment[0] 'Self': i=1, currentSym=19
[DEBUG Resolver NamedTypeNode] Resolved path length for segment[0] 'Self': i=1, currentSym=19
[DEBUG Resolver NamedTypeNode] Resolved path length for segment[0] 'T': i=1, currentSym=25
[DEBUG Resolver NamedTypeNode] Resolved path length for segment[0] 'Box': i=1, currentSym=24
[DEBUG Resolver NamedTypeNode] Resolved path length for segment[0] 'T': i=1, currentSym=28
[DEBUG Resolver NamedTypeNode] Resolved path length for segment[0] 'Container': i=1, currentSym=18
[DEBUG Resolver NamedTypeNode] Resolved path length for segment[0] 'T': i=1, currentSym=28
[DEBUG] Resolving function: get
[DEBUG Resolver NamedTypeNode] Resolved path length for segment[0] 'T': i=1, currentSym=28
[DEBUG Resolver NamedTypeNode] Resolved path length for segment[0] 'Self': i=1, currentSym=27
[DEBUG] Resolving identifier: self
[DEBUG] Finished resolvePath for self
[DEBUG] Resolving function: test_assoc
[DEBUG Resolver NamedTypeNode] Resolved path length for segment[0] 'Container': i=1, currentSym=18
[DEBUG Resolver NamedTypeNode] Resolved path length for segment[0] 'T': i=1, currentSym=35
[DEBUG Resolver NamedTypeNode] Resolved path length for segment[0] 'T': i=1, currentSym=35
[DEBUG] Resolving identifier: c
[DEBUG] Finished resolvePath for c
[DEBUG] Resolver: resolvePath for 'c' returned 1 ids.
[DEBUG] Resolver: id=36
[DEBUG] Resolver: finalIds size for 'c' is 1
[DEBUG] Resolving function: main
[DEBUG Resolver NamedTypeNode] Resolved path length for segment[0] 'int_32': i=1, currentSym=9
[DEBUG] Resolving identifier: test_assoc
[DEBUG] Finished resolvePath for test_assoc
[DEBUG Resolver NamedTypeNode] Resolved path length for segment[0] 'Box': i=1, currentSym=24
[DEBUG Resolver NamedTypeNode] Resolved path length for segment[0] 'int_32': i=1, currentSym=9
[DEBUG] Resolving identifier: b
[DEBUG] Finished resolvePath for b
[DEBUG] Resolving identifier: b
[DEBUG] Finished resolvePath for b
[DEBUG] Resolving identifier: x
[DEBUG] Finished resolvePath for x
[DEBUG] Resolver finished!
[DEBUG] Creating TypeChecker...
[DEBUG] Creating MonomorphizationEngine...
[DEBUG] Attaching MLibMetadataCache...
[DEBUG] Calling TypeChecker::check...
[DEBUG] injectedGenerics size=0
[DEBUG] TypePrePass visiting ProgramNode with 5 items
[DEBUG] item kind: class fl::TraitDeclNode
[DEBUG] TypePrePass::visit(FunctionDeclNode) name='get' symbolId=21
[DEBUG] evaluateTypeNode called on class fl::ReferenceTypeNode
[DEBUG] evaluateTypeNode called on class fl::NamedTypeNode
[DEBUG] NamedTypeNode segment[0]: 'Self' symbolId=19
[DEBUG self] Evaluated param->type for self -> 5
[DEBUG] evaluateTypeNode called on class fl::NamedTypeNode
[DEBUG] NamedTypeNode segment[0]: 'Self' symbolId=19
[DEBUG] Processing generic param: '_1 with 0 bounds
[DEBUG TraitDeclNode] Method 'get' symbolId=21
[DEBUG TraitDeclNode] typeTable[21] = 3
[DEBUG TraitDeclNode] Registered trait method 'get'
[DEBUG] item kind: class fl::StructDeclNode
[DEBUG] TypePrePass::visit(StructDeclNode) name='Box' symbolId=24 bodyScopeId=3
[DEBUG]   field='val' bodyScopeId=3 optId.empty()=0 symbolId=26
[DEBUG] evaluateTypeNode called on class fl::NamedTypeNode
[DEBUG] NamedTypeNode segment[0]: 'T' symbolId=25
[DEBUG]     evaluated type: T (25)
[DEBUG] item kind: class fl::ImplDeclNode
[DEBUG] visit(ImplDeclNode) genericParams size: 1
[DEBUG] item kind: class fl::FunctionDeclNode
[DEBUG] TypePrePass::visit(FunctionDeclNode) name='test_assoc' symbolId=33
[DEBUG] evaluateTypeNode called on class fl::ReferenceTypeNode
[DEBUG] evaluateTypeNode called on class fl::NamedTypeNode
[DEBUG] NamedTypeNode segment[0]: 'T' symbolId=35
[DEBUG self] Evaluated param->type for c -> 5
[DEBUG] evaluateTypeNode called on class fl::NamedTypeNode
[DEBUG] NamedTypeNode segment[0]: 'T' symbolId=35
[DEBUG] Processing generic param: '_1 with 0 bounds
[DEBUG] Processing generic param: T with 1 bounds
[DEBUG] evaluateTypeNode called on class fl::NamedTypeNode
[DEBUG] NamedTypeNode segment[0]: 'Container' symbolId=18
[DEBUG] Bound type evaluated to kind: 12
[DEBUG] Added trait bound to solver: self=T (35) traitId=18
[DEBUG] item kind: class fl::FunctionDeclNode
[DEBUG] TypePrePass::visit(FunctionDeclNode) name='main' symbolId=37
[DEBUG] evaluateTypeNode called on class fl::NamedTypeNode
[DEBUG] NamedTypeNode segment[0]: 'int_32' symbolId=9
[DEBUG] Starting ConstraintGenerator
[DEBUG] CG visiting ProgramNode
[DEBUG] CG visiting item: class fl::TraitDeclNode
[DEBUG] CG visiting item: class fl::StructDeclNode
[DEBUG] CG visiting item: class fl::ImplDeclNode
[DEBUG] CG visiting item: class fl::FunctionDeclNode
[DEBUG] ConstraintGen::visit(IdentifierExpr) symId=4294967295 overloads=1
[DEBUG] ConstraintGen::visit(IdentifierExpr) overload[0]=36 name=c tableSize=41
[DEBUG] ConstraintGen::visit(IdentifierExpr) baseType ptr=000002A09C119230 kind=5
[DEBUG] ConstraintGen::visit(IdentifierExpr) cast1
[DEBUG] ConstraintGen::visit(IdentifierExpr) before if (enumTy)
[DEBUG] ConstraintGen::visit(IdentifierExpr) inside else
[DEBUG] ConstraintGen::visit(IdentifierExpr) got sym
[DEBUG] ConstraintGen::visit(IdentifierExpr) assigning inferredType
[DEBUG] ConstraintGen::visit(IdentifierExpr) FINISHED for symId=4294967295
[DEBUG] CG visiting item: class fl::FunctionDeclNode
[DEBUG] StructInitExpr sym kind=5 name=Box
[DEBUG] evaluateTypeNode called on class fl::NamedTypeNode
[DEBUG] NamedTypeNode segment[0]: 'int_32' symbolId=4294967295
[DEBUG] TypeChecker(CG) requesting struct spec for node.structId=24 name='Box' with argCount=1
[DEBUG] MonomorphizationEngine::instantiateStruct mangledName='Box_int_32' for baseName='Box' argCount=1
[DEBUG] SubstitutionVisitor: checking type 'T'
[DEBUG] SubstitutionVisitor: Substituted 'T' with its replacement.
[DEBUG] Resolver::visit(StructDeclNode) name='Box_int_32' symbolId=4294967295 this=000002A09C12E490 line=6
[DEBUG] Resolver::resolve: Running pass2.
[DEBUG] TypePrePass::visit(StructDeclNode) name='Box_int_32' symbolId=41 bodyScopeId=11
[DEBUG]   field='val' bodyScopeId=11 optId.empty()=0 symbolId=42
[DEBUG] evaluateTypeNode called on class fl::BuiltinTypeNode
[DEBUG]     evaluated type: int_32
[DEBUG] Starting ConstraintGenerator
[DEBUG] Starting UnificationEngine
[DEBUG] Starting TypeResolver
[DEBUG] SubstitutionVisitor: NO substitution found for 'Box'.
[DEBUG] SubstitutionVisitor: checking type 'T'
[DEBUG] SubstitutionVisitor: Substituted 'T' with its replacement.
[DEBUG] SubstitutionVisitor: NO substitution found for 'Container'.
[DEBUG] SubstitutionVisitor: checking type 'T'
[DEBUG] SubstitutionVisitor: Substituted 'T' with its replacement.
[DEBUG] SubstitutionVisitor: Substituted 'Self' with its replacement.
[DEBUG] SubstitutionVisitor: checking type 'T'
[DEBUG] SubstitutionVisitor: Substituted 'T' with its replacement.
[DEBUG] SubstitutionVisitor: visiting BlockStmtNode with 1 stmts.
[DEBUG] Before Resolver in MonoEngine
[DEBUG] Resolver::resolve: Running pass2.
[DEBUG] Resolving function: get
[DEBUG] Resolving identifier: self
[DEBUG] Finished resolvePath for self
[DEBUG] Before TypeChecker in MonoEngine
[DEBUG] visit(ImplDeclNode) genericParams size: 0
[DEBUG] evaluateTypeNode called on class fl::NamedTypeNode
[DEBUG] NamedTypeNode segment[0]: 'Box' symbolId=24
[DEBUG] evaluateTypeNode called on class fl::BuiltinTypeNode
[DEBUG] ImplDeclNode evaluating selfType: 1
[DEBUG] ImplDeclNode Self symbolId=43 selfType=1
[DEBUG] evaluateTypeNode called on class fl::NamedTypeNode
[DEBUG] NamedTypeNode segment[0]: 'Container' symbolId=18
[DEBUG] TypePrePass::visit(FunctionDeclNode) name='get' symbolId=45
[DEBUG] evaluateTypeNode called on class fl::ReferenceTypeNode
[DEBUG] evaluateTypeNode called on class fl::NamedTypeNode
[DEBUG] NamedTypeNode segment[0]: 'Box' symbolId=41
[DEBUG self] Evaluated param->type for self -> 5
[DEBUG] evaluateTypeNode called on class fl::BuiltinTypeNode
[DEBUG] Processing generic param: '_1 with 0 bounds
[DEBUG] evaluateTypeNode called on class fl::BuiltinTypeNode
[DEBUG TraitSolver] addClause: selfType=Struct<24<int_32>> traitId=18
[DEBUG] Starting ConstraintGenerator
[DEBUG] ConstraintGen::visit(IdentifierExpr) symId=4294967295 overloads=1
[DEBUG] ConstraintGen::visit(IdentifierExpr) overload[0]=47 name=self tableSize=48
[DEBUG] ConstraintGen::visit(IdentifierExpr) baseType ptr=000002A09C1186A0 kind=5
[DEBUG] ConstraintGen::visit(IdentifierExpr) cast1
[DEBUG] ConstraintGen::visit(IdentifierExpr) before if (enumTy)
[DEBUG] ConstraintGen::visit(IdentifierExpr) inside else
[DEBUG] ConstraintGen::visit(IdentifierExpr) got sym
[DEBUG] ConstraintGen::visit(IdentifierExpr) assigning inferredType
[DEBUG] ConstraintGen::visit(IdentifierExpr) FINISHED for symId=4294967295
[DEBUG] Starting UnificationEngine
[DEBUG Field] Found StructType symbol=41 name=Box_int_32
[DEBUG Field] Checking struct field: val
[DEBUG Field] Solved field constraint!
[DEBUG] Starting TypeResolver
[DEBUG] After TypeChecker in MonoEngine
[DEBUG] ConstraintGen::visit(IdentifierPatternNode) symId=38 expectedType=000002A09C12BF90
[DEBUG] ConstraintGen::visit(CallExpr)
[DEBUG] ConstraintGen::visit(CallExpr) callee is NOT NULL. Type=class fl::IdentifierExpr
[DEBUG] ConstraintGen::visit(IdentifierExpr) symId=4294967295 overloads=1
[DEBUG] ConstraintGen::visit(IdentifierExpr) overload[0]=33 name=test_assoc tableSize=48
[DEBUG] Running TypePrePass on generic function: test_assoc
[DEBUG] TypePrePass::visit(FunctionDeclNode) name='test_assoc' symbolId=33
[DEBUG] evaluateTypeNode called on class fl::ReferenceTypeNode
[DEBUG] evaluateTypeNode called on class fl::NamedTypeNode
[DEBUG] NamedTypeNode segment[0]: 'T' symbolId=35
[DEBUG self] Evaluated param->type for c -> 5
[DEBUG] evaluateTypeNode called on class fl::NamedTypeNode
[DEBUG] NamedTypeNode segment[0]: 'T' symbolId=35
[DEBUG] Processing generic param: '_1 with 0 bounds
[DEBUG] Processing generic param: T with 1 bounds
[DEBUG] evaluateTypeNode called on class fl::NamedTypeNode
[DEBUG] NamedTypeNode segment[0]: 'Container' symbolId=18
[DEBUG] Bound type evaluated to kind: 12
[DEBUG] Added trait bound to solver: self=T (35) traitId=18
[DEBUG] ConstraintGen::visit(IdentifierExpr) baseType ptr=000002A09C128890 kind=3
[DEBUG] ConstraintGen::visit(IdentifierExpr) cast1
[DEBUG] ConstraintGen::visit(IdentifierExpr) cast2
[DEBUG] ConstraintGen::visit(IdentifierExpr) cast3
[DEBUG] ConstraintGen::visit(IdentifierExpr) before if (enumTy)
[DEBUG] ConstraintGen::visit(IdentifierExpr) inside else
[DEBUG] ConstraintGen::visit(IdentifierExpr) got sym
[DEBUG] ConstraintGen::visit(IdentifierExpr) inside inner if
[DEBUG] evaluateTypeNode called on class fl::NamedTypeNode
[DEBUG] NamedTypeNode segment[0]: 'Box' symbolId=24
[DEBUG] evaluateTypeNode called on class fl::NamedTypeNode
[DEBUG] NamedTypeNode segment[0]: 'int_32' symbolId=9
[DEBUG substitute] GenericParam id=35 name='T' found=1
[DEBUG substitute] GenericParam id=35 name='T' found=1
[DEBUG] ConstraintGen::visit(CallExpr) callee accepted
[DEBUG] ConstraintGen::visit(IdentifierExpr) symId=4294967295 overloads=1
[DEBUG] ConstraintGen::visit(IdentifierExpr) overload[0]=38 name=b tableSize=48
[DEBUG] ConstraintGen::visit(IdentifierExpr) baseType ptr=000002A09C12BF90 kind=1
[DEBUG] ConstraintGen::visit(IdentifierExpr) cast1
[DEBUG] ConstraintGen::visit(IdentifierExpr) before if (enumTy)
[DEBUG] ConstraintGen::visit(IdentifierExpr) inside else
[DEBUG] ConstraintGen::visit(IdentifierExpr) got sym
[DEBUG] ConstraintGen::visit(IdentifierExpr) assigning inferredType
[DEBUG] ConstraintGen::visit(IdentifierExpr) FINISHED for symId=4294967295
[DEBUG] evaluateTypeNode called on class fl::NamedTypeNode
[DEBUG] NamedTypeNode segment[0]: 'Box' symbolId=24
[DEBUG] evaluateTypeNode called on class fl::NamedTypeNode
[DEBUG] NamedTypeNode segment[0]: 'int_32' symbolId=9
[DEBUG CallExpr] fnDecl name: 'test_assoc' symbolId: 33
[DEBUG CallExpr] resolvedCalleeType kind=3: fn(c: &' T (35)) -> <T (35) as Trait<4294967295>>::Item
[DEBUG CallExpr] before substitute: fn(c: &' T (35)) -> <T (35) as Trait<4294967295>>::Item
[DEBUG substitute] GenericParam id=35 name='T' found=1
[DEBUG substitute] GenericParam id=35 name='T' found=1
[DEBUG] MonomorphizationEngine::instantiateStruct mangledName='Box_int_32' for baseName='Box' argCount=1
[DEBUG CallExpr] after substitute: fn(c: &' Struct<41>) -> <Struct<24<int_32>> as Trait<4294967295>>::Item
[DEBUG] ConstraintGen::visit(IdentifierPatternNode) symId=39 expectedType=000002A09C131240
[DEBUG] ConstraintGen::visit(IdentifierExpr) symId=4294967295 overloads=1
[DEBUG] ConstraintGen::visit(IdentifierExpr) overload[0]=38 name=b tableSize=48
[DEBUG] ConstraintGen::visit(IdentifierExpr) baseType ptr=000002A09C12BF90 kind=1
[DEBUG] ConstraintGen::visit(IdentifierExpr) cast1
[DEBUG] ConstraintGen::visit(IdentifierExpr) before if (enumTy)
[DEBUG] ConstraintGen::visit(IdentifierExpr) inside else
[DEBUG] ConstraintGen::visit(IdentifierExpr) got sym
[DEBUG] ConstraintGen::visit(IdentifierExpr) assigning inferredType
[DEBUG] ConstraintGen::visit(IdentifierExpr) FINISHED for symId=4294967295
[DEBUG] ConstraintGen::visit(IdentifierPatternNode) symId=40 expectedType=000002A09C1297F0
[DEBUG] ConstraintGen::visit(IdentifierExpr) symId=4294967295 overloads=1
[DEBUG] ConstraintGen::visit(IdentifierExpr) overload[0]=39 name=x tableSize=48
[DEBUG] ConstraintGen::visit(IdentifierExpr) baseType ptr=000002A09C131240 kind=21
[DEBUG] ConstraintGen::visit(IdentifierExpr) cast1
[DEBUG] ConstraintGen::visit(IdentifierExpr) before if (enumTy)
[DEBUG] ConstraintGen::visit(IdentifierExpr) inside else
[DEBUG] ConstraintGen::visit(IdentifierExpr) got sym
[DEBUG] ConstraintGen::visit(IdentifierExpr) assigning inferredType
[DEBUG] ConstraintGen::visit(IdentifierExpr) FINISHED for symId=4294967295
[DEBUG] Starting UnificationEngine
[DEBUG MethodResolver] Probing method 'get' for receiverType: &' T (35)
[DEBUG TraitSolver] Solving goal: kind=2 self=&' T (35) traitId=4294967295
[DEBUG TraitSolver] Solving goal: kind=0 self=T (35) traitId=18
[DEBUG TraitSolver]   Checking env bound: self=T (35) traitId=18
[DEBUG TraitSolver]     -> MATCHED env bound!
[DEBUG substitute] GenericParam id=19 name='Self' found=1
[DEBUG substitute] GenericParam id=19 name='Self' found=1
[DEBUG MethodCall] unifying expectedFnType: fn(&' T (35)) -> ?T0 with mInfo.type: fn(self: &' T (35)) -> <T (35) as Trait<4294967295>>::Item
[DEBUG MethodResolver] Probing method 'get' for receiverType: Struct<41>
[DEBUG TraitSolver] Solving goal: kind=2 self=Struct<41> traitId=4294967295
[DEBUG TraitSolver] Solving goal: kind=0 self=Struct<41> traitId=18
[DEBUG TraitSolver]   Checking env bound: self=T (35) traitId=18
[DEBUG TraitSolver]   Checking env bound: self=T (35) traitId=18
[DEBUG MethodCall] unifying expectedFnType: fn(&' Struct<41>) -> ?T5 with mInfo.type: fn(self: &' Struct<41>) -> int_32
[DEBUG] Starting TypeResolver
[DEBUG] CG visiting ProgramNode
[DEBUG] CG visiting item: class fl::TraitDeclNode
[DEBUG] CG visiting item: class fl::StructDeclNode
[DEBUG] CG visiting item: class fl::ImplDeclNode
[DEBUG] CG visiting item: class fl::FunctionDeclNode
[DEBUG MethodResolver] Probing method 'get' for receiverType: T (35)
[DEBUG TraitSolver] Solving goal: kind=2 self=T (35) traitId=4294967295
[DEBUG TraitSolver] Solving goal: kind=0 self=T (35) traitId=18
[DEBUG TraitSolver]   Checking env bound: self=T (35) traitId=18
[DEBUG TraitSolver]     -> MATCHED env bound!
[DEBUG substitute] GenericParam id=19 name='Self' found=1
[DEBUG substitute] GenericParam id=19 name='Self' found=1
[DEBUG] CG visiting item: class fl::FunctionDeclNode
[DEBUG CallExpr] gFn->genericParams.size() = 2
[DEBUG MonomorphizationEngine] bounds check for param ''_1' has 0 bounds
[DEBUG MonomorphizationEngine] bounds check for param 'T' has 1 bounds
[DEBUG MonomorphizationEngine] calling implementsTrait for argType=Struct<24<int_32>> traitId=18
[DEBUG implementsTrait] type=Struct<24<int_32>> traitId=18
[DEBUG TraitSolver] Solving goal: kind=0 self=Struct<24<int_32>> traitId=18
[DEBUG TraitSolver]   Checking env bound: self=T (35) traitId=18
[DEBUG TraitSolver]   Checking env bound: self=T (35) traitId=18
[DEBUG implementsTrait] solve result=0
[DEBUG] Setting lifetime substitution for ''_1'.
[DEBUG] Setting type substitution for 'T' to a concrete type.
[DEBUG] SubstitutionVisitor: checking type 'T'
[DEBUG] SubstitutionVisitor: Substituted 'T' with its replacement.
[DEBUG] SubstitutionVisitor: checking type 'T'
[DEBUG] SubstitutionVisitor: Substituted 'T' with its replacement.
[DEBUG] SubstitutionVisitor: visiting BlockStmtNode with 1 stmts.
[DEBUG] Resolver::resolve: Running pass2.
[DEBUG] Resolving function: test_assoc_unmangled_Box_int_32
[DEBUG] Resolving identifier: c
[DEBUG] Finished resolvePath for c
[DEBUG] Resolver: resolvePath for 'c' returned 1 ids.
[DEBUG] Resolver: id=49
[DEBUG] Resolver: finalIds size for 'c' is 1
[DEBUG] TypePrePass::visit(FunctionDeclNode) name='test_assoc_unmangled_Box_int_32' symbolId=48
[DEBUG] evaluateTypeNode called on class fl::ReferenceTypeNode
[DEBUG] evaluateTypeNode called on class fl::NamedTypeNode
[DEBUG] NamedTypeNode segment[0]: 'Box' symbolId=24
[DEBUG] evaluateTypeNode called on class fl::BuiltinTypeNode
[DEBUG self] Evaluated param->type for c -> 5
[DEBUG] evaluateTypeNode called on class fl::NamedTypeNode
[DEBUG] NamedTypeNode segment[0]: 'Box' symbolId=24
[DEBUG] evaluateTypeNode called on class fl::BuiltinTypeNode
[DEBUG] Starting ConstraintGenerator
[DEBUG] ConstraintGen::visit(IdentifierExpr) symId=4294967295 overloads=1
[DEBUG] ConstraintGen::visit(IdentifierExpr) overload[0]=49 name=c tableSize=50
[DEBUG] ConstraintGen::visit(IdentifierExpr) baseType ptr=000002A09C119690 kind=5
[DEBUG] ConstraintGen::visit(IdentifierExpr) cast1
[DEBUG] ConstraintGen::visit(IdentifierExpr) before if (enumTy)
[DEBUG] ConstraintGen::visit(IdentifierExpr) inside else
[DEBUG] ConstraintGen::visit(IdentifierExpr) got sym
[DEBUG] ConstraintGen::visit(IdentifierExpr) assigning inferredType
[DEBUG] ConstraintGen::visit(IdentifierExpr) FINISHED for symId=4294967295
[DEBUG] Starting UnificationEngine
[DEBUG MethodResolver] Probing method 'get' for receiverType: &' Struct<24<int_32>>
[DEBUG TraitSolver] Solving goal: kind=2 self=&' Struct<24<int_32>> traitId=4294967295
[DEBUG TraitSolver] Solving goal: kind=0 self=Struct<24<int_32>> traitId=18
[DEBUG TraitSolver]   Checking env bound: self=T (35) traitId=18
[DEBUG TraitSolver]   Checking env bound: self=T (35) traitId=18
[DEBUG MethodCall] unifying expectedFnType: fn(&' Struct<24<int_32>>) -> ?T6 with mInfo.type: fn(self: &' Struct<41>) -> int_32
[DEBUG] Starting TypeResolver
[DEBUG] TypeChecker(specializeType) requesting struct spec for name='Box' with argCount=1
[DEBUG] MonomorphizationEngine::instantiateStruct mangledName='Box_int_32' for baseName='Box' argCount=1
[DEBUG] TypeChecker(specializeType) requesting struct spec for name='Box' with argCount=1
[DEBUG] MonomorphizationEngine::instantiateStruct mangledName='Box_int_32' for baseName='Box' argCount=1
[DEBUG MethodResolver] Probing method 'get' for receiverType: Struct<41>
[DEBUG TraitSolver] Solving goal: kind=2 self=Struct<41> traitId=4294967295
[DEBUG TraitSolver] Solving goal: kind=0 self=Struct<41> traitId=18
[DEBUG TraitSolver]   Checking env bound: self=T (35) traitId=18
[DEBUG TraitSolver]   Checking env bound: self=T (35) traitId=18
[DEBUG MethodResolver] Probing method 'get' for receiverType: Struct<41>
[DEBUG TraitSolver] Solving goal: kind=2 self=Struct<41> traitId=4294967295
[DEBUG TraitSolver] Solving goal: kind=0 self=Struct<41> traitId=18
[DEBUG TraitSolver]   Checking env bound: self=T (35) traitId=18
[DEBUG TraitSolver]   Checking env bound: self=T (35) traitId=18
[PHASE] TypeChecker done, tcOk=1
[PHASE] Injecting specialized ASTs...
[PHASE] Specialized ASTs injected
[PHASE] ComptimeEval done, ok=1
[PHASE] MatchAnalyzer done, ok=1
[PHASE] MVIRGenerator starting
[DEBUG MVIRGenerator] visiting item[0] typeid=class fl::TraitDeclNode
[DEBUG MVIRGenerator] done item[0]
[DEBUG MVIRGenerator] visiting item[1] typeid=class fl::StructDeclNode
[DEBUG MVIRGenerator] done item[1]
[DEBUG MVIRGenerator] visiting item[2] typeid=class fl::ImplDeclNode
[DEBUG MVIRGenerator] visit ImplDeclNode with 1 methods, genericParams: 1
[DEBUG MVIRGenerator] done item[2]
[DEBUG MVIRGenerator] visiting item[3] typeid=class fl::FunctionDeclNode
[DEBUG MVIRGenerator] done item[3]
[DEBUG MVIRGenerator] visiting item[4] typeid=class fl::FunctionDeclNode
[DEBUG] VarDeclNode type kind: 1
[DEBUG pushLocalInst] Inserting LocalInst for %0 into entry block entry0
[DEBUG pushLocalInst] Inserting LocalInst for %1 into entry block entry0
[DEBUG] VarDeclNode type kind: 0
[DEBUG pushLocalInst] Inserting LocalInst for %3 into entry block entry0
[DEBUG] VarDeclNode type kind: 0
[DEBUG pushLocalInst] Inserting LocalInst for %6 into entry block entry0
[DEBUG] MVIRGenerator: visiting ReturnStmtNode for function @main
[DEBUG] MVIRGenerator: returning operand %9
[DEBUG MVIRGenerator] done item[4]
[DEBUG MVIRGenerator] visiting item[5] typeid=class fl::StructDeclNode
[DEBUG MVIRGenerator] done item[5]
[DEBUG MVIRGenerator] visiting item[6] typeid=class fl::ImplDeclNode
[DEBUG MVIRGenerator] visit ImplDeclNode with 1 methods, genericParams: 0
[DEBUG MVIRGenerator] calling method->accept for get
[DEBUG pushLocalInst] Inserting LocalInst for %1 into entry block entry0
[DEBUG] MVIRGenerator: visiting ReturnStmtNode for function @get_45
[DEBUG] MVIRGenerator: returning operand %3
[DEBUG MVIRGenerator] done item[6]
[DEBUG MVIRGenerator] visiting item[7] typeid=class fl::FunctionDeclNode
[DEBUG pushLocalInst] Inserting LocalInst for %1 into entry block entry0
[DEBUG] MVIRGenerator: visiting ReturnStmtNode for function @test_assoc_unmangled_Box_int_32
[DEBUG] MVIRGenerator: returning operand %3
[DEBUG MVIRGenerator] done item[7]
[PHASE] MVIRGenerator done
[DEBUG MoveAnalyzer] %1 is marked MOVED in StoreInst!
[DEBUG MoveAnalyzer] %7 is marked MOVED in CallInst!
[DEBUG MoveAnalyzer] %1 is marked MOVED in CallInst!
[DEBUG MoveAnalyzer] %1 is marked MOVED in StoreInst!
[DEBUG MoveAnalyzer] %7 is marked MOVED in CallInst!
[DEBUG MoveAnalyzer] %1 is marked MOVED in StoreInst!
[DEBUG MoveAnalyzer] %7 is marked MOVED in CallInst!
[DEBUG MoveAnalyzer] %1 is marked MOVED in CallInst!
[DEBUG MoveAnalyzer] %1 is marked MOVED in CallInst!
