[DEBUG resolvePath] Resolving path starting with 'self'
[DEBUG resolvePath] resolve('self') returned 1 syms. First id=34
[DEBUG resolvePath] Resolving path starting with 'self'
[DEBUG resolvePath] resolve('self') returned 1 syms. First id=34
[DEBUG resolvePath] Resolving path starting with 'val'
[DEBUG resolvePath] resolve('val') returned 1 syms. First id=37
[DEBUG resolvePath] Resolving path starting with 'val'
[DEBUG resolvePath] resolve('val') returned 1 syms. First id=40
[DEBUG resolvePath] Resolving path starting with 'Point'
[DEBUG resolvePath] resolve('Point') returned 1 syms. First id=26
[DEBUG resolvePath] Resolving path starting with 'Point'
[DEBUG resolvePath] resolve('Point') returned 1 syms. First id=26
[DEBUG resolvePath] Resolving path starting with 'do_something'
[DEBUG resolvePath] resolve('do_something') returned 1 syms. First id=35
[DEBUG resolvePath] Resolving path starting with 'p'
[DEBUG resolvePath] resolve('p') returned 1 syms. First id=43
[DEBUG resolvePath] Resolving path starting with 'do_another'
[DEBUG resolvePath] resolve('do_another') returned 1 syms. First id=38
[DEBUG resolvePath] Resolving path starting with 'p2'
[DEBUG resolvePath] resolve('p2') returned 1 syms. First id=44
Solving constraint: int_32 == ?T2
Solving constraint: int_32 == int_32
Solving constraint: int_32 == int_32
Solving constraint: int_32 == int_32
Solving constraint: int_32 == int_32
Solving constraint: fn(Struct<26>) -> void == fn(val: ?T7) -> void
Solving constraint: fn(Struct<26>) -> void == fn(val: ?T10) -> void
Solving constraint: int_32 == int_32
[DEBUG resolvePath] Resolving path starting with 'val'
[DEBUG resolvePath] resolve('val') returned 1 syms. First id=46
[DEBUG resolvePath] Resolving path starting with 'val'
[DEBUG resolvePath] resolve('val') returned 1 syms. First id=48
[COMPTIME ERROR] IdentifierExpr without env or empty segments
[COMPTIME ERROR] IdentifierExpr without env or empty segments
[DEBUG Semantic] Analyzing function: @print_30
[DEBUG Semantic] Analyzing function: @hash_33
[DEBUG Semantic] Analyzing function: @main
[DEBUG Semantic] Analyzing function: @do_something_Point
[DEBUG Semantic] Analyzing function: @do_another_Point
; ModuleID = 'D:\fdlang\tests\generics\multiple_trait_bounds.ms'
source_filename = "D:\\fdlang\\tests\\generics\\multiple_trait_bounds.ms"

%Point = type { i32, i32 }

define void @print_30(%Point %"0") {
entry0:
  %"1" = alloca %Point, align 8
  store %Point %"0", ptr %"1", align 4
  ret void
}

define i32 @hash_33(%Point %"0") {
entry0:
  %"1" = alloca %Point, align 8
  store %Point %"0", ptr %"1", align 4
  %fld = getelementptr inbounds %Point, ptr %"1", i32 0, i32 0
  %"2" = load i32, ptr %fld, align 4
  %fld1 = getelementptr inbounds %Point, ptr %"1", i32 0, i32 1
  %"3" = load i32, ptr %fld1, align 4
  %"4" = add i32 %"2", %"3"
  ret i32 %"4"
}

define i32 @main() {
entry0:
  %"0" = alloca %Point, align 8
  %"1" = alloca %Point, align 8
  %"3" = alloca %Point, align 8
  %"4" = alloca %Point, align 8
  %fld = getelementptr inbounds %Point, ptr %"1", i32 0, i32 0
  store i32 10, ptr %fld, align 4
  %fld1 = getelementptr inbounds %Point, ptr %"1", i32 0, i32 1
  store i32 20, ptr %fld1, align 4
  %"2" = load %Point, ptr %"1", align 4
  store %Point %"2", ptr %"0", align 4
  %fld2 = getelementptr inbounds %Point, ptr %"4", i32 0, i32 0
  store i32 5, ptr %fld2, align 4
  %fld3 = getelementptr inbounds %Point, ptr %"4", i32 0, i32 1
  store i32 15, ptr %fld3, align 4
  %"5" = load %Point, ptr %"4", align 4
  store %Point %"5", ptr %"3", align 4
  %"6" = load %Point, ptr %"0", align 4
  call void @do_something_Point(%Point %"6")
  %"8" = load %Point, ptr %"3", align 4
  call void @do_another_Point(%Point %"8")
  ret i32 0
}

define void @do_something_Point(%Point %"0") {
entry0:
  %"1" = alloca %Point, align 8
  store %Point %"0", ptr %"1", align 4
  %"2" = load %Point, ptr %"1", align 4
  call void @print_30(%Point %"2")
  ret void
}

define void @do_another_Point(%Point %"0") {
entry0:
  %"1" = alloca %Point, align 8
  store %Point %"0", ptr %"1", align 4
  %"2" = load %Point, ptr %"1", align 4
  %"3" = call i32 @hash_33(%Point %"2")
  ret void
}

define linkonce i1 @mellis_coro_is_done(ptr %0) {
entry:
  %1 = call i1 @llvm.coro.done(ptr %0)
  ret i1 %1
}

; Function Attrs: nounwind memory(argmem: readwrite)
declare i1 @llvm.coro.done(ptr nocapture readonly) #0

define linkonce void @mellis_coro_resume(ptr %0) {
entry:
  call void @llvm.coro.resume(ptr %0)
  ret void
}

declare void @llvm.coro.resume(ptr)

attributes #0 = { nounwind memory(argmem: readwrite) }

=== FORCE DUMP LLVM IR ===
