[DEBUG] Enum 'MyOption' has 2 variants
[DEBUG] Visiting variant 'Some'
[DEBUG] Visiting variant 'None'
[DEBUG resolvePath] Resolving path starting with 'MyOption'
[DEBUG resolvePath] resolve('MyOption') returned 1 syms. First id=18
[DEBUG] resolvePath start: currentSym=18 kind=6 aliasTo=4294967295
[DEBUG] resolvePath final: currentSym=18 kind=6
[DEBUG] resolvePath Enum 'MyOption' nextScope=1 (sym.decl=00000243B8D95C90, bodyScopeId=1, mlibSymbolID=0)
[DEBUG] bindings in nextScope: Some None 
[DEBUG resolvePath] Resolving path starting with 'opt'
[DEBUG resolvePath] resolve('opt') returned 1 syms. First id=23
[DEBUG resolvePath] Resolving path starting with 'MyOption'
[DEBUG resolvePath] resolve('MyOption') returned 1 syms. First id=18
[DEBUG] resolvePath start: currentSym=18 kind=6 aliasTo=4294967295
[DEBUG] resolvePath final: currentSym=18 kind=6
[DEBUG] resolvePath Enum 'MyOption' nextScope=1 (sym.decl=00000243B8D95C90, bodyScopeId=1, mlibSymbolID=0)
[DEBUG] bindings in nextScope: Some None 
[DEBUG resolvePath] Resolving path starting with 'val'
[DEBUG resolvePath] resolve('val') returned 1 syms. First id=25
[DEBUG resolvePath] Resolving path starting with 'MyOption'
[DEBUG resolvePath] resolve('MyOption') returned 1 syms. First id=18
[DEBUG] resolvePath start: currentSym=18 kind=6 aliasTo=4294967295
[DEBUG] resolvePath final: currentSym=18 kind=6
[DEBUG] resolvePath Enum 'MyOption' nextScope=1 (sym.decl=00000243B8D95C90, bodyScopeId=1, mlibSymbolID=0)
[DEBUG] bindings in nextScope: Some None 
[DEBUG resolvePath] Resolving path starting with 'result'
[DEBUG resolvePath] resolve('result') returned 1 syms. First id=24
Solving constraint: fn(int_32) -> Enum<18> == fn(int_32) -> Enum<18>
Solving constraint: Enum<18> == Enum<18>
Solving constraint: ?T1 == int_32
Solving constraint: Enum<18> == Enum<18>
Solving constraint: ?T1 == int_32
Solving constraint: int_32 == ?T1
[DEBUG MVIRGenerator] EnumDeclNode MyOption symbolId=18
[DEBUG MVIR] SuccessNode binding: symbolId=25 placeStr=subject_v19_f0
[DEBUG Semantic] Analyzing function: @main
; ModuleID = 'D:\fdlang\tests\codegen\pattern_binding.ms'
source_filename = "D:\\fdlang\\tests\\codegen\\pattern_binding.ms"

%MyOption = type { i32, [1 x i32] }

define i32 @main() {
entry0:
  %"0" = alloca %MyOption, align 8
  %"2" = alloca i32, align 4
  %"4" = alloca i32, align 4
  %"8" = alloca i32, align 4
  %0 = alloca %MyOption, align 8
  %1 = getelementptr inbounds %MyOption, ptr %0, i32 0, i32 0
  store i32 0, ptr %1, align 4
  %2 = getelementptr inbounds %MyOption, ptr %0, i32 0, i32 1
  %3 = getelementptr inbounds { i32 }, ptr %2, i32 0, i32 0
  store i32 42, ptr %3, align 4
  %"1" = load %MyOption, ptr %0, align 4
  store %MyOption %"1", ptr %"0", align 4
  %"3" = load %MyOption, ptr %"0", align 4
  %"5" = extractvalue %MyOption %"3", 0
  %"6" = icmp eq i32 %"5", 0
  br i1 %"6", label %match_tag_05, label %match_tag_next6

match_tag_05:                                     ; preds = %entry0
  %4 = alloca %MyOption, align 8
  store %MyOption %"3", ptr %4, align 4
  %5 = getelementptr inbounds %MyOption, ptr %4, i32 0, i32 1
  %6 = getelementptr inbounds { i32 }, ptr %5, i32 0, i32 0
  %"7" = load i32, ptr %6, align 4
  store i32 %"7", ptr %"8", align 4
  br label %match_arm_02

match_tag_next6:                                  ; preds = %entry0
  %"9" = icmp eq i32 %"5", 1
  br i1 %"9", label %match_tag_17, label %match_tag_next8

match_tag_17:                                     ; preds = %match_tag_next6
  br label %match_arm_13

match_tag_next8:                                  ; preds = %match_tag_next6
  br label %match_unreachable4

match_arm_02:                                     ; preds = %match_tag_05
  %"10" = load i32, ptr %"8", align 4
  store i32 %"10", ptr %"4", align 4
  br label %match_end1

match_arm_13:                                     ; preds = %match_tag_17
  store i32 0, ptr %"4", align 4
  br label %match_end1

match_unreachable4:                               ; preds = %match_tag_next8
  unreachable

match_end1:                                       ; preds = %match_arm_13, %match_arm_02
  %"11" = load i32, ptr %"4", align 4
  store i32 %"11", ptr %"2", align 4
  %"12" = load i32, ptr %"2", align 4
  ret i32 %"12"
}

define linkonce i1 @mellis_coro_is_done(ptr %0) {
entry:
  %1 = call i1 @llvm.coro.done(ptr %0)
  ret i1 %1
}

; Function Attrs: nounwind memory(argmem: readwrite)
declare i1 @llvm.coro.done(ptr nocapture readonly) #0

define linkonce void @mellis_coro_resume(ptr %0) {
entry:
  call void @llvm.coro.resume(ptr %0)
  ret void
}

declare void @llvm.coro.resume(ptr)

attributes #0 = { nounwind memory(argmem: readwrite) }

=== FORCE DUMP LLVM IR ===
