[DEBUG resolvePath] Resolving path starting with 'self'
[DEBUG resolvePath] resolve('self') returned 1 syms. First id=28
[DEBUG resolvePath] Resolving path starting with 'idx'
[DEBUG resolvePath] resolve('idx') returned 1 syms. First id=29
[DEBUG resolvePath] Resolving path starting with 'Array'
[DEBUG resolvePath] resolve('Array') returned 1 syms. First id=24
[DEBUG resolvePath] Resolving path starting with 'arr'
[DEBUG resolvePath] resolve('arr') returned 1 syms. First id=31
[DEBUG resolvePath] Resolving path starting with 'val'
[DEBUG resolvePath] resolve('val') returned 1 syms. First id=32
Solving constraint: int_32 == ?T1
Solving constraint: int_32 == int_32
Solving constraint: int_32 == ?T2
[DEBUG Semantic] Analyzing function: @index_27
[DEBUG Semantic] Analyzing function: @main
; ModuleID = 'D:\fdlang\tests\valid\index_overload.ms'
source_filename = "D:\\fdlang\\tests\\valid\\index_overload.ms"

%Array = type { i32 }

define i32 @index_27(%Array %"0", i32 %"1") {
entry0:
  %"2" = alloca %Array, align 8
  %"3" = alloca i32, align 4
  store %Array %"0", ptr %"2", align 4
  store i32 %"1", ptr %"3", align 4
  %fld = getelementptr inbounds %Array, ptr %"2", i32 0, i32 0
  %"4" = load i32, ptr %fld, align 4
  %"5" = load i32, ptr %"3", align 4
  %"6" = add i32 %"4", %"5"
  ret i32 %"6"
}

define i32 @main() {
entry0:
  %"0" = alloca %Array, align 8
  %"1" = alloca %Array, align 8
  %"3" = alloca i32, align 4
  %fld = getelementptr inbounds %Array, ptr %"1", i32 0, i32 0
  store i32 100, ptr %fld, align 4
  %"2" = load %Array, ptr %"1", align 4
  store %Array %"2", ptr %"0", align 4
  %"4" = load %Array, ptr %"0", align 4
  %"5" = call i32 @index_27(%Array %"4", i32 5)
  store i32 %"5", ptr %"3", align 4
  %"6" = load i32, ptr %"3", align 4
  ret i32 %"6"
}

define linkonce i1 @mellis_coro_is_done(ptr %0) {
entry:
  %1 = call i1 @llvm.coro.done(ptr %0)
  ret i1 %1
}

; Function Attrs: nounwind memory(argmem: readwrite)
declare i1 @llvm.coro.done(ptr nocapture readonly) #0

define linkonce void @mellis_coro_resume(ptr %0) {
entry:
  call void @llvm.coro.resume(ptr %0)
  ret void
}

declare void @llvm.coro.resume(ptr)

attributes #0 = { nounwind memory(argmem: readwrite) }

=== FORCE DUMP LLVM IR ===
