Number of diagnostics: 4
RAW DIAGNOSTIC: Diagnostic { level: Error, span: Some(Span { file_id: FileId(0), start: 33, end: 37 }), message: "Expected parameter name" }
error: Expected parameter name
  --> D:\fdlang\tests\valid\index_overload.ms:2:14
   |
2  |     fn index(self, idx: Idx) -> int_32;
   |              ^^^^

RAW DIAGNOSTIC: Diagnostic { level: Error, span: Some(Span { file_id: FileId(0), start: 61, end: 62 }), message: "Expected expression." }
error: Expected expression.
  --> D:\fdlang\tests\valid\index_overload.ms:3:1
   |
3  | }
   | ^

RAW DIAGNOSTIC: Diagnostic { level: Error, span: Some(Span { file_id: FileId(0), start: 151, end: 155 }), message: "Expected parameter name" }
error: Expected parameter name
  --> D:\fdlang\tests\valid\index_overload.ms:10:14
   |
10 |     fn index(self, idx: int_32) -> int_32 {
   |              ^^^^

RAW DIAGNOSTIC: Diagnostic { level: Error, span: Some(Span { file_id: FileId(0), start: 220, end: 221 }), message: "Expected expression." }
error: Expected expression.
  --> D:\fdlang\tests\valid\index_overload.ms:12:5
   |
12 |     }
   |     ^

